// Vitest Snapshot v1, https://vitest.dev/guide/snapshot.html

exports[`members match snapshot 1`] = `
{
  "$convertImageElement": [Function],
  "$createImageNode": [Function],
  "$isImageNode": [Function],
  "INSERT_IMAGE_COMMAND": {
    "type": "INSERT_IMAGE_COMMAND",
  },
  "ImageNode": [Function],
  "ImagePlugin": [Function],
}
`;
